// Jest Snapshot v1, https://goo.gl/fbAQLP

exports[`Swiper renders swiper correctly 1`] = `
<View
  style={
    Object {
      "alignSelf": "center",
      "borderRadius": 8,
      "height": 200,
      "justifyContent": "center",
      "marginTop": 10,
      "width": "100%",
    }
  }
>
  <View
    onLayout={[Function]}
    style={
      Array [
        Object {
          "backgroundColor": "transparent",
          "flex": 1,
          "position": "relative",
        },
        undefined,
      ]
    }
  >
    <RCTScrollView
      activeDotColor="#FF6347"
      automaticallyAdjustContentInsets={false}
      autoplay={true}
      autoplayDirection={true}
      autoplayTimeout={2.5}
      bounces={false}
      contentContainerStyle={
        Array [
          Object {
            "backgroundColor": "transparent",
          },
          undefined,
        ]
      }
      contentOffset={
        Object {
          "x": 0,
        }
      }
      disableNextButton={false}
      disablePrevButton={false}
      height={200}
      horizontal={true}
      index={0}
      loadMinimal={false}
      loadMinimalSize={1}
      loop={true}
      onIndexChanged={[Function]}
      onMomentumScrollEnd={[Function]}
      onScrollBeginDrag={[Function]}
      onScrollEndDrag={[Function]}
      pagingEnabled={true}
      removeClippedSubviews={true}
      scrollsToTop={false}
      showsButtons={false}
      showsHorizontalScrollIndicator={false}
      showsPagination={true}
      showsVerticalScrollIndicator={false}
    >
      <View>
        <View
          style={
            Array [
              Object {
                "height": 200,
                "width": 750,
              },
              Object {
                "backgroundColor": "transparent",
              },
            ]
          }
        >
          <View
            style={
              Object {
                "backgroundColor": "transparent",
                "borderRadius": 8,
                "flex": 1,
                "justifyContent": "center",
              }
            }
          >
            <Image
              resizeMode="cover"
              source={1}
              style={
                Object {
                  "alignSelf": "center",
                  "borderRadius": 8,
                  "height": "100%",
                  "width": "100%",
                }
              }
            />
          </View>
        </View>
        <View
          style={
            Array [
              Object {
                "height": 200,
                "width": 750,
              },
              Object {
                "backgroundColor": "transparent",
              },
            ]
          }
        >
          <View
            style={
              Object {
                "backgroundColor": "transparent",
                "borderRadius": 8,
                "flex": 1,
                "justifyContent": "center",
              }
            }
          >
            <Image
              resizeMode="cover"
              source={1}
              style={
                Object {
                  "alignSelf": "center",
                  "borderRadius": 8,
                  "height": "100%",
                  "width": "100%",
                }
              }
            />
          </View>
        </View>
        <View
          style={
            Array [
              Object {
                "height": 200,
                "width": 750,
              },
              Object {
                "backgroundColor": "transparent",
              },
            ]
          }
        >
          <View
            style={
              Object {
                "backgroundColor": "transparent",
                "borderRadius": 8,
                "flex": 1,
                "justifyContent": "center",
              }
            }
          >
            <Image
              resizeMode="cover"
              source={1}
              style={
                Object {
                  "alignSelf": "center",
                  "borderRadius": 8,
                  "height": "100%",
                  "width": "100%",
                }
              }
            />
          </View>
        </View>
        <View
          style={
            Array [
              Object {
                "height": 200,
                "width": 750,
              },
              Object {
                "backgroundColor": "transparent",
              },
            ]
          }
        >
          <View
            style={
              Object {
                "backgroundColor": "transparent",
                "borderRadius": 8,
                "flex": 1,
                "justifyContent": "center",
              }
            }
          >
            <Image
              resizeMode="cover"
              source={1}
              style={
                Object {
                  "alignSelf": "center",
                  "borderRadius": 8,
                  "height": "100%",
                  "width": "100%",
                }
              }
            />
          </View>
        </View>
        <View
          style={
            Array [
              Object {
                "height": 200,
                "width": 750,
              },
              Object {
                "backgroundColor": "transparent",
              },
            ]
          }
        >
          <View
            style={
              Object {
                "backgroundColor": "transparent",
                "borderRadius": 8,
                "flex": 1,
                "justifyContent": "center",
              }
            }
          >
            <Image
              resizeMode="cover"
              source={1}
              style={
                Object {
                  "alignSelf": "center",
                  "borderRadius": 8,
                  "height": "100%",
                  "width": "100%",
                }
              }
            />
          </View>
        </View>
      </View>
    </RCTScrollView>
    <View
      pointerEvents="none"
      style={
        Array [
          Object {
            "alignItems": "center",
            "backgroundColor": "transparent",
            "bottom": 25,
            "flex": 1,
            "flexDirection": "row",
            "justifyContent": "center",
            "left": 0,
            "position": "absolute",
            "right": 0,
          },
          undefined,
        ]
      }
    >
      <View
        style={
          Array [
            Object {
              "backgroundColor": "#FF6347",
              "borderRadius": 4,
              "height": 8,
              "marginBottom": 3,
              "marginLeft": 3,
              "marginRight": 3,
              "marginTop": 3,
              "width": 8,
            },
            undefined,
          ]
        }
      />
      <View
        style={
          Array [
            Object {
              "backgroundColor": "rgba(0,0,0,.2)",
              "borderRadius": 4,
              "height": 8,
              "marginBottom": 3,
              "marginLeft": 3,
              "marginRight": 3,
              "marginTop": 3,
              "width": 8,
            },
            undefined,
          ]
        }
      />
      <View
        style={
          Array [
            Object {
              "backgroundColor": "rgba(0,0,0,.2)",
              "borderRadius": 4,
              "height": 8,
              "marginBottom": 3,
              "marginLeft": 3,
              "marginRight": 3,
              "marginTop": 3,
              "width": 8,
            },
            undefined,
          ]
        }
      />
    </View>
  </View>
</View>
`;
