// Jest Snapshot v1, https://goo.gl/fbAQLP

exports[`Chevron renders chevron correctly 1`] = `
<View
  accessible={true}
  collapsable={false}
  focusable={true}
  onClick={[Function]}
  onResponderGrant={[Function]}
  onResponderMove={[Function]}
  onResponderRelease={[Function]}
  onResponderTerminate={[Function]}
  onResponderTerminationRequest={[Function]}
  onStartShouldSetResponder={[Function]}
  style={
    Object {
      "marginBottom": 10,
      "marginLeft": 20,
      "marginTop": 40,
      "opacity": 1,
    }
  }
  testID="chevron"
>
  <Text />
</View>
`;
